
> tmp-app@0.1.0 build
> next build

⚠ Warning: Next.js inferred your workspace root, but it may not be correct.
 We detected multiple lockfiles and selected the directory of /Users/nachovillalba/package-lock.json as the root directory.
 To silence this warning, set `turbopack.root` in your Next.js config, or consider removing one of the lockfiles if it's not needed.
   See https://nextjs.org/docs/app/api-reference/config/next-config-js/turbopack#root-directory for more information.
 Detected additional lockfiles: 
   * /Users/nachovillalba/Proyectos IA/OROYPERFUME-WEB/package-lock.json

▲ Next.js 16.2.4 (Turbopack)

  Creating an optimized production build ...
✓ Compiled successfully in 2.3s
  Running TypeScript ...
Failed to type check.

./src/components/admin/Editor.tsx:112:119
Type error: Type '{ children: Element[]; editor: Editor; className: string; tippyOptions: { duration: number; }; }' is not assignable to type 'IntrinsicAttributes & Omit<Optional<FloatingMenuPluginProps, "pluginKey">, "element" | "editor"> & { ...; } & HTMLAttributes<...> & RefAttributes<...>'.
  Property 'tippyOptions' does not exist on type 'IntrinsicAttributes & Omit<Optional<FloatingMenuPluginProps, "pluginKey">, "element" | "editor"> & { ...; } & HTMLAttributes<...> & RefAttributes<...>'.

  [90m110 |[0m ...
  [90m111 |[0m ...
[31m[1m>[0m [90m112 |[0m ...[32m border-zinc-200 shadow-sm p-1 rounded-md"[0m tippyOptions={{ duration: [35m100[0m }}>
  [90m    |[0m                                               [31m[1m^[0m
  [90m113 |[0m ...[32med text-zinc-600 transition-colors"[0m title=[32m"Añadir Imagen"[0m>
  [90m114 |[0m ...
  [90m115 |[0m ...
Next.js build worker exited with code: 1 and signal: null
